(c) Copyright 2012-2016 Xilinx, Inc. All Rights Reserved.
#-----------------------------------------------------------
# Tool version  : sds++ 2016.4 SW Build 1804799 on Mar  8 2017 18:29:12
# Start time    : Sun Nov 30 19:30:57 EET 2025
# Command line  : sds++ -Wall -O0 -g -I../src -c -fmessage-length=0 -MTsrc/calcDist.o -MMD -MP -MFsrc/calcDist.d -MTsrc/calcDist.o -o src/calcDist.o ../src/calcDist.cpp -sds-hw calcDistancesHW calcDist.cpp -clkid 1 -sds-end -perf-root main -perf-est swdata.xml -perf-funcs calcDistancesHW -sds-sys-config linux -sds-proc a9_0 -sds-pf zybo
# Log file      : /home/sdsocuser/workspace/test/Debug/_sds/reports/sds_calcDist.log
# Journal file  : /home/sdsocuser/workspace/test/Debug/_sds/reports/sds_calcDist.jou
# Report file   : /home/sdsocuser/workspace/test/Debug/_sds/reports/sds_calcDist.rpt
#-----------------------------------------------------------

High-Level Synthesis
--------------------

  Vivado HLS Report : /home/sdsocuser/workspace/test/Debug/_sds/vhls/calcDistancesHW/solution/syn/report/calcDistancesHW_csynth.rpt



================================================================
== Performance Estimates
================================================================
+ Timing (ns): 
    * Summary: 
    +--------+-------+----------+------------+
    |  Clock | Target| Estimated| Uncertainty|
    +--------+-------+----------+------------+
    |ap_clk  |  10.00|      8.68|        1.25|
    +--------+-------+----------+------------+

+ Latency (clock cycles): 
    * Summary: 
    +--------+--------+--------+--------+---------+
    |     Latency     |     Interval    | Pipeline|
    |   min  |   max  |   min  |   max  |   Type  |
    +--------+--------+--------+--------+---------+
    |  475204|  475204|  475205|  475205|   none  |
    +--------+--------+--------+--------+---------+

    + Detail: 
        * Instance: 
        N/A

        * Loop: 
        +-----------------------+--------+--------+----------+-----------+-----------+------+----------+
        |                       |     Latency     | Iteration|  Initiation Interval  | Trip |          |
        |       Loop Name       |   min  |   max  |  Latency |  achieved |   target  | Count| Pipelined|
        +-----------------------+--------+--------+----------+-----------+-----------+------+----------+
        |- LOAD_DATA_HW_TMP     |   34816|   34816|        34|          -|          -|  1024|    no    |
        | + LOAD_DATA_HW_TMP.1  |      32|      32|         1|          -|          -|    32|    no    |
        |- LOAD_MOVIE_TMP       |      64|      64|         2|          -|          -|    32|    no    |
        |- COMPUTE_DISTS        |  438272|  438272|       428|          -|          -|  1024|    no    |
        | + COMPUTE_DISTS.1     |     416|     416|        13|          -|          -|    32|    no    |
        |- WRITE_DISTS          |    2048|    2048|         2|          -|          -|  1024|    no    |
        +-----------------------+--------+--------+----------+-----------+-----------+------+----------+



================================================================
== Utilization Estimates
================================================================
* Summary: 
+-----------------+---------+-------+-------+-------+
|       Name      | BRAM_18K| DSP48E|   FF  |  LUT  |
+-----------------+---------+-------+-------+-------+
|DSP              |        -|      -|      -|      -|
|Expression       |        -|      -|      0|    110|
|FIFO             |        -|      -|      -|      -|
|Instance         |        -|      5|    702|   1331|
|Memory           |       67|      -|      0|      0|
|Multiplexer      |        -|      -|      -|    211|
|Register         |        -|      -|    358|      -|
+-----------------+---------+-------+-------+-------+
|Total            |       67|      5|   1060|   1652|
+-----------------+---------+-------+-------+-------+
|Available        |      120|     80|  35200|  17600|
+-----------------+---------+-------+-------+-------+
|Utilization (%)  |       55|      6|      3|      9|
+-----------------+---------+-------+-------+-------+

+ Detail: 
    * Instance: 
    +-------------------------+----------------------+---------+-------+-----+-----+
    |         Instance        |        Module        | BRAM_18K| DSP48E|  FF | LUT |
    +-------------------------+----------------------+---------+-------+-----+-----+
    |calcDistancesHW_feOg_U1  |calcDistancesHW_feOg  |        0|      2|  227|  404|
    |calcDistancesHW_ffYi_U2  |calcDistancesHW_ffYi  |        0|      3|  128|  320|
    |calcDistancesHW_fg8j_U3  |calcDistancesHW_fg8j  |        0|      0|  347|  607|
    +-------------------------+----------------------+---------+-------+-----+-----+
    |Total                    |                      |        0|      5|  702| 1331|
    +-------------------------+----------------------+---------+-------+-----+-----+

    * DSP48: 
    N/A

    * Memory: 
    +----------------+----------------------+---------+---+----+-------+-----+------+-------------+
    |     Memory     |        Module        | BRAM_18K| FF| LUT| Words | Bits| Banks| W*Bits*Banks|
    +----------------+----------------------+---------+---+----+-------+-----+------+-------------+
    |data_hw_tmp_U   |calcDistancesHW_dbkb  |       64|  0|   0|  32768|   32|     1|      1048576|
    |dists_hw_tmp_U  |calcDistancesHW_ddEe  |        2|  0|   0|   1024|   32|     1|        32768|
    |movie_tmp_U     |calcDistancesHW_mcud  |        1|  0|   0|     32|   32|     1|         1024|
    +----------------+----------------------+---------+---+----+-------+-----+------+-------------+
    |Total           |                      |       67|  0|   0|  33824|   96|     3|      1082368|
    +----------------+----------------------+---------+---+----+-------+-----+------+-------------+

    * FIFO: 
    N/A

    * Expression: 
    +---------------------+----------+-------+---+----+------------+------------+
    |    Variable Name    | Operation| DSP48E| FF| LUT| Bitwidth P0| Bitwidth P1|
    +---------------------+----------+-------+---+----+------------+------------+
    |i_1_fu_311_p2        |     +    |      0|  0|   6|           6|           1|
    |i_2_fu_268_p2        |     +    |      0|  0|  11|          11|           1|
    |i_3_fu_387_p2        |     +    |      0|  0|  11|          11|           1|
    |i_4_fu_339_p2        |     +    |      0|  0|  11|          11|           1|
    |j_1_fu_294_p2        |     +    |      0|  0|   6|           6|           1|
    |j_2_fu_370_p2        |     +    |      0|  0|   6|           6|           1|
    |tmp_3_fu_354_p2      |     +    |      0|  0|  17|          17|          17|
    |tmp_8_fu_278_p2      |     +    |      0|  0|  17|          17|          17|
    |ap_block_state3      |    and   |      0|  0|   1|           1|           1|
    |exitcond1_fu_364_p2  |   icmp   |      0|  0|   3|           6|           7|
    |exitcond2_fu_333_p2  |   icmp   |      0|  0|   5|          11|          12|
    |exitcond3_fu_305_p2  |   icmp   |      0|  0|   3|           6|           7|
    |exitcond4_fu_288_p2  |   icmp   |      0|  0|   3|           6|           7|
    |exitcond5_fu_262_p2  |   icmp   |      0|  0|   5|          11|          12|
    |exitcond_fu_381_p2   |   icmp   |      0|  0|   5|          11|          12|
    +---------------------+----------+-------+---+----+------------+------------+
    |Total                |          |      0|  0| 110|         137|          98|
    +---------------------+----------+-------+---+----+------------+------------+

    * Multiplexer: 
    +-----------------------+----+-----------+-----+-----------+
    |          Name         | LUT| Input Size| Bits| Total Bits|
    +-----------------------+----+-----------+-----+-----------+
    |ap_NS_fsm              |  30|         32|    1|         32|
    |data_hw_blk_n          |   1|          2|    1|          2|
    |data_hw_tmp_address0   |  15|          4|   15|         60|
    |dists_hw_blk_n         |   1|          2|    1|          2|
    |dists_hw_tmp_address0  |  10|          3|   10|         30|
    |grp_fu_235_opcode      |   2|          3|    2|          6|
    |grp_fu_235_p0          |  32|          3|   32|         96|
    |grp_fu_235_p1          |  32|          3|   32|         96|
    |i1_reg_179             |   6|          2|    6|         12|
    |i2_reg_190             |  11|          2|   11|         22|
    |i4_reg_224             |  11|          2|   11|         22|
    |i_reg_157              |  11|          2|   11|         22|
    |j3_reg_213             |   6|          2|    6|         12|
    |j_reg_168              |   6|          2|    6|         12|
    |movie_tmp_address0     |   5|          3|    5|         15|
    |sum_reg_201            |  32|          2|   32|         64|
    +-----------------------+----+-----------+-----+-----------+
    |Total                  | 211|         69|  182|        505|
    +-----------------------+----+-----------+-----+-----------+

    * Register: 
    +----------------------------+----+----+-----+-----------+
    |            Name            | FF | LUT| Bits| Const Bits|
    +----------------------------+----+----+-----+-----------+
    |ap_CS_fsm                   |  31|   0|   31|          0|
    |data_hw_tmp_load_1_reg_468  |  32|   0|   32|          0|
    |diff_reg_478                |  32|   0|   32|          0|
    |i1_cast4_reg_414            |   6|   0|   32|         26|
    |i1_reg_179                  |   6|   0|    6|          0|
    |i2_cast3_reg_432            |  11|   0|   32|         21|
    |i2_reg_190                  |  11|   0|   11|          0|
    |i4_reg_224                  |  11|   0|   11|          0|
    |i_1_reg_427                 |   6|   0|    6|          0|
    |i_2_reg_401                 |  11|   0|   11|          0|
    |i_3_reg_502                 |  11|   0|   11|          0|
    |i_4_reg_445                 |  11|   0|   11|          0|
    |i_reg_157                   |  11|   0|   11|          0|
    |j3_reg_213                  |   6|   0|    6|          0|
    |j_2_reg_458                 |   6|   0|    6|          0|
    |j_reg_168                   |   6|   0|    6|          0|
    |movie_tmp_load_reg_473      |  32|   0|   32|          0|
    |sum_reg_201                 |  32|   0|   32|          0|
    |tmp_11_cast_reg_437         |  11|   0|   17|          6|
    |tmp_5_cast_reg_393          |  11|   0|   17|          6|
    |tmp_6_reg_494               |  32|   0|   32|          0|
    |tmp_9_reg_484               |  32|   0|   32|          0|
    +----------------------------+----+----+-----+-----------+
    |Total                       | 358|   0|  417|         59|
    +----------------------------+----+----+-----+-----------+



================================================================
== Interface
================================================================
* Summary: 
+-----------------+-----+-----+------------+-----------------+--------------+
|    RTL Ports    | Dir | Bits|  Protocol  |  Source Object  |    C Type    |
+-----------------+-----+-----+------------+-----------------+--------------+
|ap_clk           |  in |    1| ap_ctrl_hs | calcDistancesHW | return value |
|ap_rst_n         |  in |    1| ap_ctrl_hs | calcDistancesHW | return value |
|ap_start         |  in |    1| ap_ctrl_hs | calcDistancesHW | return value |
|ap_done          | out |    1| ap_ctrl_hs | calcDistancesHW | return value |
|ap_idle          | out |    1| ap_ctrl_hs | calcDistancesHW | return value |
|ap_ready         | out |    1| ap_ctrl_hs | calcDistancesHW | return value |
|data_hw_dout     |  in |   32|   ap_fifo  |     data_hw     |    pointer   |
|data_hw_empty_n  |  in |    1|   ap_fifo  |     data_hw     |    pointer   |
|data_hw_read     | out |    1|   ap_fifo  |     data_hw     |    pointer   |
|dists_hw_din     | out |   32|   ap_fifo  |     dists_hw    |    pointer   |
|dists_hw_full_n  |  in |    1|   ap_fifo  |     dists_hw    |    pointer   |
|dists_hw_write   | out |    1|   ap_fifo  |     dists_hw    |    pointer   |
+-----------------+-----+-----+------------+-----------------+--------------+

